[C:/Users/user/Desktop/公司資料/感知器/Single-layer Neural Networks  感知機/www.quora.com/Why-cant-the-XOR-problem-be-solved-by-a-one-layer-perceptron.html]
[C:/Users/user/Desktop/公司資料/感知器/Single-layer Neural Networks  感知機/backblue.gif]
[C:/Users/user/Desktop/公司資料/感知器/Single-layer Neural Networks  感知機/fade.gif]
[C:/Users/user/Desktop/公司資料/感知器/Single-layer Neural Networks  感知機/index.html]
[C:/Users/user/Desktop/公司資料/感知器/Single-layer Neural Networks  感知機/www.computing.dcu.ie/_humphrys/libs/jquery.min.js]
[C:/Users/user/Desktop/公司資料/感知器/Single-layer Neural Networks  感知機/www.computing.dcu.ie/_humphrys/js/header.js]
[C:/Users/user/Desktop/公司資料/感知器/Single-layer Neural Networks  感知機/www.computing.dcu.ie/_humphrys/3d/js/r80.three.min.js]
[C:/Users/user/Desktop/公司資料/感知器/Single-layer Neural Networks  感知機/computing.dcu.ie/_humphrys/Images/ab.logo.png]
[C:/Users/user/Desktop/公司資料/感知器/Single-layer Neural Networks  感知機/www.computing.dcu.ie/_humphrys/js/header.show.js]
[C:/Users/user/Desktop/公司資料/感知器/Single-layer Neural Networks  感知機/www.computing.dcu.ie/_humphrys/Notes/Neural/Bitmaps/sum.wiii.gif]
[C:/Users/user/Desktop/公司資料/感知器/Single-layer Neural Networks  感知機/www.computing.dcu.ie/_humphrys/Notes/Neural/Bitmaps/sum.jpg]
[C:/Users/user/Desktop/公司資料/感知器/Single-layer Neural Networks  感知機/www.computing.dcu.ie/_humphrys/Notes/Neural/Bitmaps/input.jpg]
[C:/Users/user/Desktop/公司資料/感知器/Single-layer Neural Networks  感知機/www.computing.dcu.ie/_humphrys/Notes/Neural/Bitmaps/rule.gif]
[C:/Users/user/Desktop/公司資料/感知器/Single-layer Neural Networks  感知機/www.computing.dcu.ie/_humphrys/Notes/Neural/Bitmaps/or.linear.jpg]
[C:/Users/user/Desktop/公司資料/感知器/Single-layer Neural Networks  感知機/www.computing.dcu.ie/_humphrys/Notes/Neural/Bitmaps/furniture.space.jpg]
[C:/Users/user/Desktop/公司資料/感知器/Single-layer Neural Networks  感知機/www.computing.dcu.ie/_humphrys/Notes/Neural/Bitmaps/furniture.net.jpg]
[C:/Users/user/Desktop/公司資料/感知器/Single-layer Neural Networks  感知機/www.computing.dcu.ie/_humphrys/Icons/pdf.gif]
[C:/Users/user/Desktop/公司資料/感知器/Single-layer Neural Networks  感知機/www.computing.dcu.ie/_humphrys/js/footer.js]
[C:/Users/user/Desktop/公司資料/感知器/Single-layer Neural Networks  感知機/www.computing.dcu.ie/_humphrys/Notes/Neural/single.neural.html]
[C:/Users/user/Desktop/公司資料/感知器/Single-layer Neural Networks  感知機/home.agh.edu.pl/_vlsi/AI/xor_t/en/files/fig1.jpg]
[C:/Users/user/Desktop/公司資料/感知器/Single-layer Neural Networks  感知機/home.agh.edu.pl/_vlsi/AI/xor_t/en/files/fig2.jpg]
[C:/Users/user/Desktop/公司資料/感知器/Single-layer Neural Networks  感知機/home.agh.edu.pl/_vlsi/AI/xor_t/en/files/fig3.jpg]
[C:/Users/user/Desktop/公司資料/感知器/Single-layer Neural Networks  感知機/home.agh.edu.pl/_vlsi/AI/xor_t/en/files/fig4.jpg]
[C:/Users/user/Desktop/公司資料/感知器/Single-layer Neural Networks  感知機/home.agh.edu.pl/_vlsi/AI/xor_t/en/files/fig5.jpg]
[C:/Users/user/Desktop/公司資料/感知器/Single-layer Neural Networks  感知機/home.agh.edu.pl/_vlsi/AI/xor_t/en/files/fig6.jpg]
[C:/Users/user/Desktop/公司資料/感知器/Single-layer Neural Networks  感知機/home.agh.edu.pl/_vlsi/AI/xor_t/en/main.html]
[C:/Users/user/Desktop/公司資料/感知器/Single-layer Neural Networks  感知機/www.computing.dcu.ie/_humphrys/css/main.css]
[C:/Users/user/Desktop/公司資料/感知器/Single-layer Neural Networks  感知機/s7.addthis.com/js/300/addthis_widget.js]
